Domain biomassDomain
  Seller isA Role with name: String;
  Buyer isA Role with name: String;
  Currency isAn Enumeration(CAD, USD);
  Biomass isAn Asset with quantity_lbs: Number;
  Location isAn Asset with name: String;
  Pay isAn Event with from: Role, to: Role, amount: Number, currency: Currency;
  Quarantine isAn Event with agent: Role, product: Biomass;
  RemoveQuarantine isAn Event with agent: Role, product: Biomass;
  DeterminesAnalysisRequired isAn Event with agent: Role;
  Delivery isAn Event with agent: Role, product: Biomass, location: Location;

endDomain

Contract biomass( seller_id: String, seller_name: String, buyer_id: String, buyer_name: String, biomass_quantity: Number, price: Number, currency: Currency )

Declarations
  shi_farms: Seller with name := "Shi Farms";
  gridiron: Buyer with name := "Gridiron";
  biomass: Biomass with quantity_lbs := 30000;
  lab: Location with name := "lab";
  processor: Location with name := "processor";
  evt_pay: Pay with to := shi_farms, from := gridiron, amount := 150000, currency := Currency(USD);
  evt_quarantine: Quarantine with agent := shi_farms, product := biomass;
  evt_remove_quarantine: RemoveQuarantine with agent := shi_farms, product := biomass;
  evt_delivery_lab: Delivery with agent := shi_farms, product := biomass, location := lab;
  evt_delivery_processor: Delivery with agent := shi_farms, product := biomass, location := processor;
  evt_determine_analysis: DeterminesAnalysisRequired with agent := gridiron;

Preconditions

Postconditions

Obligations
  ob_payment: Obligation(gridiron, shi_farms, Happens(Activated(self)), Happens(evt_pay));
  ob_quarantine: Obligation(shi_farms, gridiron, Happens(evt_pay), Happens(evt_quarantine));
  ob_keep_quarantine: Obligation(shi_farms, gridiron, Happens(evt_quarantine), not WhappensBeforeE(evt_remove_quarantine, evt_delivery_processor));
  ob_delivery_lab: Obligation(shi_farms, gridiron, Happens(evt_determine_analysis), Happens(evt_delivery_lab));

Surviving Obligations

Powers

Constraints

endContract