Domain propMgmtDomain
  Owner isA Role;
  Manager isA Role;
  RentalProperty isAn Asset with address: String;
  LegalProceedings isAn Asset;
  Disburse isAn Event with from: Role, to: Role, amount: String;
  Reimburse isAn Event with from: Role, to: Role, amount: String;
  LegalProceedingsNecessary isAn Event with necessary_thing: LegalProceedings;
  HandleLegalProceedings isAn Event with agent: Role, handled_object: LegalProceedings;

endDomain

Contract PropMgmt( manager_id: String, owner_id: String, property_address: String, var_termination_disbursement: String, var_termination_reimbursement: String )

Declarations
  manager: Manager;
  owner: Owner;
  property: RentalProperty with address := "123 Main Street";
  legal_proceedings: LegalProceedings;
  evt_legal_proceedings: LegalProceedingsNecessary with necessary_thing := legal_proceedings;
  evt_handle_legal_proceedings: HandleLegalProceedings with agent := manager, handled_object := legal_proceedings;
  evt_disburse_termination: Disburse with from := manager, to := owner, amount := "any monies in the Manager's possession due";
  evt_reimburse_termination: Reimburse with from := owner, to := manager, amount := "any expenses incurred or approved prior to the date of termination";

Preconditions

Postconditions

Obligations
  ob_legal_proceedings: O(manager, owner, Happens(evt_legal_proceedings), Happens(evt_handle_legal_proceedings));
  ob_disburse_termination: O(manager, owner, Happens(Terminated(self)), WhappensBefore(evt_disburse_termination, Date.add(Terminated(self), 3, days)));
  ob_reimburse_termination: O(owner, manager, true, WhappensBefore(evt_reimburse_termination, Date.add(Terminated(self), 10, days)));

Surviving Obligations

Powers

Constraints

endContract