Domain fox_dm
  PartyA isA Role;
  PartyB isA Role;
  DistributeGames isAn Event with distributor: Role;

endDomain

Contract fox_cs(  )

Declarations
  fox: PartyA;
  partyB: PartyB;
  evt_distribute_games: DistributeGames with distributor := fox;

Preconditions

Postconditions

Obligations
  ob_not_distribute_games: Obligation(fox, partyB, true, not SHappensBefore(evt_distribute_games, January 1, 2007));

Surviving Obligations

Powers

Constraints

endContract