Domain test_dm
  PartyA isA Role;
  PartyB isA Role;
  CeaseUsingMark isAn Event;

endDomain

Contract test_cs(  )

Declarations
  licensee: PartyA;
  licensor: PartyB;
  evt_cease_using_mark: CeaseUsingMark;

Obligations
  ob_keep_using_mark: O(licensee, licensor, true, not HappensWithin(evt_cease_using_mark, Interval(Activated(self), Terminated(self))));

Surviving Obligations

Powers

endContract