Domain test_dm
  PartyA isA Role;
  PartyB isA Role;
  CeaseAdvertising isAn Event;

endDomain

Contract test_cs(  )

Declarations
  company: PartyA;
  professional: PartyB;
  evt_cease_advertising: CeaseAdvertising;

Preconditions

Postconditions

Obligations
  ob_cease_advertising: O(company, professional, true, HappensAfter(evt_cease_advertising, Date.add(Terminated(self), 90, days)));

Surviving Obligations

Powers

Constraints

endContract