Domain franchise_dm
  Grantor isA Role;
  Grantee isA Role;
  PayFee isAn Event with payer: Role, payee: Role;

endDomain

Contract franchise_cs( ob_pay_fee_date: Date )

Declarations
  grantor: Grantor;
  grantee: Grantee;
  evt_pay_fee: PayFee with payer := grantee, payee := grantor;

Preconditions

Postconditions

Obligations
  ob_pay_fee: Obligation(grantee, grantor, true, SHappensBefore(evt_pay_fee, ob_pay_fee_date));

Surviving Obligations

Powers

Constraints

endContract