Domain test_dm
  PartyA isA Role;
  PartyB isA Role;
  EnableSponsorship isAn Event;

endDomain

Contract test_cs( ob_no_sponsorship_date: Date, ob_no_sponsorship_date2: Date )

Declarations
  charity: PartyA;
  sponsor: PartyB;
  evt_enable_sponsorship: EnableSponsorship;

Preconditions

Postconditions

Obligations
  ob_no_sponsorship: O(charity, sponsor, true, not HappensWithin(evt_enable_sponsorship, Interval(ob_no_sponsorship_date, ob_no_sponsorship_date2)));

Surviving Obligations

Powers

Constraints

endContract