Domain test_dm
  PartyA isA Role;
  PartyB isA Role;
  CeaseSpecifyingMark isAn Event;

endDomain

Contract test_cs(  )

Declarations
  licensee: PartyA;
  licensor: PartyB;
  evt_cease_specifying_mark: CeaseSpecifyingMark;

Preconditions

Postconditions

Obligations
  ob_keep_using_mark: Obligation(licensee, licensor, true, not HappensWithin(evt_cease_specifying_mark, Interval(self.end, Date.add(self.end, 24, months))));

Surviving Obligations

Powers

Constraints

endContract