Domain test_dm
  PartyA isA Role;
  PartyB isA Role;
  Receipt isAn Asset;
  PayFees isAn Event;
  SubmitReceipt isAn Event with submitting_agent: Role, submitting_target: Role, submitted_object: Receipt;

endDomain

Contract test_cs(  )

Declarations
  porex: PartyA;
  cerus: PartyB;
  invoice_receipt: Receipt;
  evt_pay_fees: PayFees;
  evt_submit_receipt: SubmitReceipt with submitting_agent := porex, submitting_target := cerus, submitted_object := invoice_receipt;

Preconditions

Postconditions

Obligations
  ob_pay_fees: O(cerus, porex, true, WhappensBefore(evt_pay_fees, Date.add(evt_submit_receipt, 10, days)));

Surviving Obligations

Powers

Constraints

endContract