Domain test_dm
  PartyA isA Role;
  PartyB isA Role;
  Party isAn Asset;
  DeliverMaterials isAn Event;
  PartyHappen isAn Event with happening_subject: Party;

endDomain

Contract test_cs(  )

Declarations
  stadium: PartyA;
  sponsor: PartyB;
  party: Party;
  evt_deliver_materials: DeliverMaterials;
  evt_party_happen: PartyHappen with happening_subject := party;

Obligations
  ob_deliver_materials: O(sponsor, stadium, true, WhappensBefore(evt_deliver_materials, Date.add(evt_party_happen, -2, days)));

Surviving Obligations

Powers

endContract