Domain test_dm
  PartyA isA Role;
  PartyB isA Role;
  Product isAn Asset;
  UnquarantineProduct isAn Event with agent: Role, product: Product;

endDomain

Contract test_cs( delivery_date: Date )

Declarations
  shi farms: PartyA;
  partyB: PartyB;
  the product: Product;
  evt_unquarantine_product: UnquarantineProduct with agent := shi farms, product := the product;

Preconditions

Postconditions

Obligations
  ob_keep_quarantine: Obligation(shi farms, partyB, true, not SHappensBefore(evt_unquarantine_product, "[DELIVERY_DATE]"));

Surviving Obligations

Powers

Constraints

endContract